// Jest Snapshot v1, https://goo.gl/fbAQLP

exports[`ImportFromJson render should match snapshot 1`] = `<!---->`;
