// Jest Snapshot v1, https://goo.gl/fbAQLP

exports[`ImportFromPublicKey render should match snapshot 1`] = `<!---->`;
