// Jest Snapshot v1, https://goo.gl/fbAQLP

exports[`VSpinner props isLoading should not render component 1`] = `<!---->`;

exports[`VSpinner props isLoading should render component 1`] = `
<div
  class="spinner"
>
  <spinner
    color="#4b0472"
    status="true"
  />
</div>
`;
