// Jest Snapshot v1, https://goo.gl/fbAQLP

exports[`SettingsPage render should render the initial state of the component 1`] = `
<base-page
  class="settings-page"
>
   
  <v-form
    class="save-settings"
    id="save-settings"
  >
    <v-select
      label="Fiat Currency"
      name="fiatCurrency"
      options="USD,AUD,BRL"
    />
     
    <v-button
      classname="is-primary is-medium"
      disabled="true"
      id="save-button"
    >
      Save
    </v-button>
  </v-form>
   
  <two-factor-auth-settings />
</base-page>
`;
