// Jest Snapshot v1, https://goo.gl/fbAQLP

exports[`ConfirmEmailModal render should match snapshot 1`] = `<!---->`;
